<html>
<body>
<pre>
<h1>µVision Build Log</h1>
<h2>Project:</h2>
C:\Users\moham\Desktop\New folder (3)\ass.uvproj
Project File Date:  03/14/2019

<h2>Output:</h2>
Build target 'Target 1'
assembling startup_TM4C123.s...
compiling main.c...
main.c(25): warning:  #1295-D: Deprecated declaration LCD_Init_Pins - give arg types
  void LCD_Init_Pins();
main.c(129): warning:  #1-D: last line of file ends without a newline
  }
main.c: 2 warnings, 0 errors
linking...
Program Size: Code=916 RO-data=620 RW-data=0 ZI-data=512  
".\ass.axf" - 0 Error(s), 2 Warning(s).
Load "C:\\Users\\moham\\Desktop\\New folder (3)\\ass.axf" 
Internal DLL Error
Error: Flash Download failed  -  Target DLL has been cancelled
Load "C:\\Users\\moham\\Desktop\\New folder (3)\\ass.axf" 
Connecting: Mode=JTAG, Speed=1000000Hz
Erase Done.
Programming Done.
Verify OK.
Load "C:\\Users\\moham\\Desktop\\New folder (3)\\ass.axf" 
Connecting: Mode=JTAG, Speed=1000000Hz
Erase Done.
Programming Done.
Verify OK.
Load "C:\\Users\\moham\\Desktop\\New folder (3)\\ass.axf" 
Connecting: Mode=JTAG, Speed=1000000Hz
Erase Done.
Programming Done.
Verify OK.
</pre>
</body>
</html>
